Archive member included to satisfy reference by file (symbol)

c:/program files (x86)/atmel/studio/7.0/toolchain/avr8/avr8-gnu-toolchain/bin/../lib/gcc/avr/5.4.0/../../../../avr/lib/avr6\libm.a(addsf3.o)
                              INCLUDE/SRC/ADC_GPIO.o (__subsf3)
c:/program files (x86)/atmel/studio/7.0/toolchain/avr8/avr8-gnu-toolchain/bin/../lib/gcc/avr/5.4.0/../../../../avr/lib/avr6\libm.a(addsf3x.o)
                              c:/program files (x86)/atmel/studio/7.0/toolchain/avr8/avr8-gnu-toolchain/bin/../lib/gcc/avr/5.4.0/../../../../avr/lib/avr6\libm.a(addsf3.o) (__addsf3x)
c:/program files (x86)/atmel/studio/7.0/toolchain/avr8/avr8-gnu-toolchain/bin/../lib/gcc/avr/5.4.0/../../../../avr/lib/avr6\libm.a(cmpsf2.o)
                              INCLUDE/SRC/ADC_GPIO.o (__ltsf2)
c:/program files (x86)/atmel/studio/7.0/toolchain/avr8/avr8-gnu-toolchain/bin/../lib/gcc/avr/5.4.0/../../../../avr/lib/avr6\libm.a(divsf3.o)
                              INCLUDE/SRC/ADC_GPIO.o (__divsf3)
c:/program files (x86)/atmel/studio/7.0/toolchain/avr8/avr8-gnu-toolchain/bin/../lib/gcc/avr/5.4.0/../../../../avr/lib/avr6\libm.a(divsf3x.o)
                              c:/program files (x86)/atmel/studio/7.0/toolchain/avr8/avr8-gnu-toolchain/bin/../lib/gcc/avr/5.4.0/../../../../avr/lib/avr6\libm.a(divsf3.o) (__divsf3x)
c:/program files (x86)/atmel/studio/7.0/toolchain/avr8/avr8-gnu-toolchain/bin/../lib/gcc/avr/5.4.0/../../../../avr/lib/avr6\libm.a(fixsfsi.o)
                              INCLUDE/SRC/FRAMES.o (__fixsfsi)
c:/program files (x86)/atmel/studio/7.0/toolchain/avr8/avr8-gnu-toolchain/bin/../lib/gcc/avr/5.4.0/../../../../avr/lib/avr6\libm.a(fixunssfsi.o)
                              INCLUDE/SRC/ADC_GPIO.o (__fixunssfsi)
c:/program files (x86)/atmel/studio/7.0/toolchain/avr8/avr8-gnu-toolchain/bin/../lib/gcc/avr/5.4.0/../../../../avr/lib/avr6\libm.a(floatsisf.o)
                              INCLUDE/SRC/ADC_GPIO.o (__floatunsisf)
c:/program files (x86)/atmel/studio/7.0/toolchain/avr8/avr8-gnu-toolchain/bin/../lib/gcc/avr/5.4.0/../../../../avr/lib/avr6\libm.a(fp_cmp.o)
                              c:/program files (x86)/atmel/studio/7.0/toolchain/avr8/avr8-gnu-toolchain/bin/../lib/gcc/avr/5.4.0/../../../../avr/lib/avr6\libm.a(cmpsf2.o) (__fp_cmp)
c:/program files (x86)/atmel/studio/7.0/toolchain/avr8/avr8-gnu-toolchain/bin/../lib/gcc/avr/5.4.0/../../../../avr/lib/avr6\libm.a(fp_inf.o)
                              c:/program files (x86)/atmel/studio/7.0/toolchain/avr8/avr8-gnu-toolchain/bin/../lib/gcc/avr/5.4.0/../../../../avr/lib/avr6\libm.a(addsf3x.o) (__fp_inf)
c:/program files (x86)/atmel/studio/7.0/toolchain/avr8/avr8-gnu-toolchain/bin/../lib/gcc/avr/5.4.0/../../../../avr/lib/avr6\libm.a(fp_nan.o)
                              c:/program files (x86)/atmel/studio/7.0/toolchain/avr8/avr8-gnu-toolchain/bin/../lib/gcc/avr/5.4.0/../../../../avr/lib/avr6\libm.a(addsf3x.o) (__fp_nan)
c:/program files (x86)/atmel/studio/7.0/toolchain/avr8/avr8-gnu-toolchain/bin/../lib/gcc/avr/5.4.0/../../../../avr/lib/avr6\libm.a(fp_pscA.o)
                              c:/program files (x86)/atmel/studio/7.0/toolchain/avr8/avr8-gnu-toolchain/bin/../lib/gcc/avr/5.4.0/../../../../avr/lib/avr6\libm.a(addsf3x.o) (__fp_pscA)
c:/program files (x86)/atmel/studio/7.0/toolchain/avr8/avr8-gnu-toolchain/bin/../lib/gcc/avr/5.4.0/../../../../avr/lib/avr6\libm.a(fp_pscB.o)
                              c:/program files (x86)/atmel/studio/7.0/toolchain/avr8/avr8-gnu-toolchain/bin/../lib/gcc/avr/5.4.0/../../../../avr/lib/avr6\libm.a(addsf3x.o) (__fp_pscB)
c:/program files (x86)/atmel/studio/7.0/toolchain/avr8/avr8-gnu-toolchain/bin/../lib/gcc/avr/5.4.0/../../../../avr/lib/avr6\libm.a(fp_round.o)
                              c:/program files (x86)/atmel/studio/7.0/toolchain/avr8/avr8-gnu-toolchain/bin/../lib/gcc/avr/5.4.0/../../../../avr/lib/avr6\libm.a(addsf3.o) (__fp_round)
c:/program files (x86)/atmel/studio/7.0/toolchain/avr8/avr8-gnu-toolchain/bin/../lib/gcc/avr/5.4.0/../../../../avr/lib/avr6\libm.a(fp_split3.o)
                              c:/program files (x86)/atmel/studio/7.0/toolchain/avr8/avr8-gnu-toolchain/bin/../lib/gcc/avr/5.4.0/../../../../avr/lib/avr6\libm.a(addsf3x.o) (__fp_split3)
c:/program files (x86)/atmel/studio/7.0/toolchain/avr8/avr8-gnu-toolchain/bin/../lib/gcc/avr/5.4.0/../../../../avr/lib/avr6\libm.a(fp_zero.o)
                              c:/program files (x86)/atmel/studio/7.0/toolchain/avr8/avr8-gnu-toolchain/bin/../lib/gcc/avr/5.4.0/../../../../avr/lib/avr6\libm.a(addsf3x.o) (__fp_zero)
c:/program files (x86)/atmel/studio/7.0/toolchain/avr8/avr8-gnu-toolchain/bin/../lib/gcc/avr/5.4.0/../../../../avr/lib/avr6\libm.a(gesf2.o)
                              INCLUDE/SRC/ADC_GPIO.o (__gesf2)
c:/program files (x86)/atmel/studio/7.0/toolchain/avr8/avr8-gnu-toolchain/bin/../lib/gcc/avr/5.4.0/../../../../avr/lib/avr6\libm.a(mulsf3.o)
[...]
Memory Configuration

Name             Origin             Length             Attributes
text             0x00000000         0x00040000         xr
data             0x00800200         0x00002000         rw !x
eeprom           0x00810000         0x00001000         rw !x
fuse             0x00820000         0x00000003         rw !x
lock             0x00830000         0x00000400         rw !x
signature        0x00840000         0x00000400         rw !x
user_signatures  0x00850000         0x00000400         rw !x
*default*        0x00000000         0xffffffff

Linker script and memory map

Address of section .data set to 0x800200
LOAD C:/Program Files (x86)/Atmel/Studio/7.0/Packs/atmel/ATmega_DFP/1.6.364/gcc/dev/atmega2560/avr6/crtatmega2560.o
LOAD INCLUDE/SRC/ADC_GPIO.o
LOAD INCLUDE/SRC/E2PROM.o
LOAD INCLUDE/SRC/EUSP.o
LOAD INCLUDE/SRC/FRAMES.o
LOAD INCLUDE/SRC/TIME_SUB.o
LOAD INCLUDE/SRC/UART2.o
LOAD main.o
START GROUP
LOAD c:/program files (x86)/atmel/studio/7.0/toolchain/avr8/avr8-gnu-toolchain/bin/../lib/gcc/avr/5.4.0/../../../../avr/lib/avr6\libm.a
END GROUP
START GROUP
LOAD c:/program files (x86)/atmel/studio/7.0/toolchain/avr8/avr8-gnu-toolchain/bin/../lib/gcc/avr/5.4.0/avr6\libgcc.a
LOAD c:/program files (x86)/atmel/studio/7.0/toolchain/avr8/avr8-gnu-toolchain/bin/../lib/gcc/avr/5.4.0/../../../../avr/lib/avr6\libm.a
LOAD c:/program files (x86)/atmel/studio/7.0/toolchain/avr8/avr8-gnu-toolchain/bin/../lib/gcc/avr/5.4.0/../../../../avr/lib/avr6\libc.a
LOAD C:/Program Files (x86)/Atmel/Studio/7.0/Packs/atmel/ATmega_DFP/1.6.364/gcc/dev/atmega2560/avr6\libatmega2560.a
END GROUP
                0x00000000                __TEXT_REGION_ORIGIN__ = DEFINED (__TEXT_REGION_ORIGIN__)?__TEXT_REGION_ORIGIN__:0x0
                [0x00800200]                __DATA_REGION_ORIGIN__ = DEFINED (__DATA_REGION_ORIGIN__)?__DATA_REGION_ORIGIN__:0x800200
                [0x00040000]                __TEXT_REGION_LENGTH__ = DEFINED (__TEXT_REGION_LENGTH__)?__TEXT_REGION_LENGTH__:0x100000
                [0x00002000]                __DATA_REGION_LENGTH__ = DEFINED (__DATA_REGION_LENGTH__)?__DATA_REGION_LENGTH__:0xfe00
                [0x00001000]                __EEPROM_REGION_LENGTH__ = DEFINED (__EEPROM_REGION_LENGTH__)?__EEPROM_REGION_LENGTH__:0x10000
                [0x00000003]                __FUSE_REGION_LENGTH__ = DEFINED (__FUSE_REGION_LENGTH__)?__FUSE_REGION_LENGTH__:0x400
                0x00000400                __LOCK_REGION_LENGTH__ = DEFINED (__LOCK_REGION_LENGTH__)?__LOCK_REGION_LENGTH__:0x400
                0x00000400                __SIGNATURE_REGION_LENGTH__ = DEFINED (__SIGNATURE_REGION_LENGTH__)?__SIGNATURE_REGION_LENGTH__:0x400
                0x00000400                __USER_SIGNATURE_REGION_LENGTH__ = DEFINED (__USER_SIGNATURE_REGION_LENGTH__)?__USER_SIGNATURE_REGION_LENGTH__:0x400

.hash
 *(.hash)

.dynsym
 *(.dynsym)

.dynstr
 *(.dynstr)

.gnu.version
 *(.gnu.version)

.gnu.version_d
 *(.gnu.version_d)

.gnu.version_r
 *(.gnu.version_r)

.rel.init
 *(.rel.init)

.rela.init
 *(.rela.init)

.rel.text
 *(.rel.text)
 *(.rel.text.*)
 *(.rel.gnu.linkonce.t*)

.rela.text
 *(.rela.text)
 *(.rela.text.*)
 *(.rela.gnu.linkonce.t*)

.rel.fini
 *(.rel.fini)

.rela.fini
 *(.rela.fini)

.rel.rodata
 *(.rel.rodata)
 *(.rel.rodata.*)
 *(.rel.gnu.linkonce.r*)

.rela.rodata
 *(.rela.rodata)
 *(.rela.rodata.*)
 *(.rela.gnu.linkonce.r*)

.rel.data
 *(.rel.data)
 *(.rel.data.*)
 *(.rel.gnu.linkonce.d*)

.rela.data
 *(.rela.data)
 *(.rela.data.*)
 *(.rela.gnu.linkonce.d*)

.rel.ctors
 *(.rel.ctors)

.rela.ctors
 *(.rela.ctors)

.rel.dtors
 *(.rel.dtors)

.rela.dtors
 *(.rela.dtors)

.rel.got
 *(.rel.got)

.rela.got
 *(.rela.got)

.rel.bss
 *(.rel.bss)

.rela.bss
 *(.rela.bss)

.rel.plt
 *(.rel.plt)

.rela.plt
 *(.rela.plt)

.text           0x00000000     0x219a
 *(.vectors)
 .vectors       0x00000000       0xe4 C:/Program Files (x86)/Atmel/Studio/7.0/Packs/atmel/ATmega_DFP/1.6.364/gcc/dev/atmega2560/avr6/crtatmega2560.o
                0x00000000                __vector_default
                0x00000000                __vectors
 *(.vectors)
 *(.progmem.gcc*)
 .progmem.gcc_fplib
                0x000000e4       0x28 c:/program files (x86)/atmel/studio/7.0/toolchain/avr8/avr8-gnu-toolchain/bin/../lib/gcc/avr/5.4.0/../../../../avr/lib/avr6\libm.a(exp.o)
 .progmem.gcc_fplib
                0x0000010c       0x5a c:/program files (x86)/atmel/studio/7.0/toolchain/avr8/avr8-gnu-toolchain/bin/../lib/gcc/avr/5.4.0/../../../../avr/lib/avr6\libm.a(log.o)
                0x00000166                . = ALIGN (0x2)
                0x00000166                __trampolines_start = .
 *(.trampolines)
 .trampolines   0x00000166        0x0 linker stubs
 *(.trampolines*)
                0x00000166                __trampolines_end = .
 *libprintf_flt.a:*(.progmem.data)
 *libc.a:*(.progmem.data)
 *(.progmem*)
                0x00000166                . = ALIGN (0x2)
 *(.jumptables)
 *(.jumptables*)
 *(.lowtext)
 *(.lowtext*)
                0x00000166                __ctors_start = .
 *(.ctors)
                0x00000166                __ctors_end = .
                0x00000166                __dtors_start = .
 *(.dtors)
                0x00000166                __dtors_end = .
 SORT(*)(.ctors)
 SORT(*)(.dtors)
 *(.init0)
 .init0         0x00000166        0x0 C:/Program Files (x86)/Atmel/Studio/7.0/Packs/atmel/ATmega_DFP/1.6.364/gcc/dev/atmega2560/avr6/crtatmega2560.o
                0x00000166                __init
 *(.init0)
 *(.init1)
 *(.init1)
 *(.init2)
 .init2         0x00000166       0x10 C:/Program Files (x86)/Atmel/Studio/7.0/Packs/atmel/ATmega_DFP/1.6.364/gcc/dev/atmega2560/avr6/crtatmega2560.o
 *(.init2)
 *(.init3)
 *(.init3)
 *(.init4)
 .init4         0x00000176       0x1a c:/program files (x86)/atmel/studio/7.0/toolchain/avr8/avr8-gnu-toolchain/bin/../lib/gcc/avr/5.4.0/avr6\libgcc.a(_copy_data.o)
                0x00000176                __do_copy_data
 .init4         0x00000190       0x10 c:/program files (x86)/atmel/studio/7.0/toolchain/avr8/avr8-gnu-toolchain/bin/../lib/gcc/avr/5.4.0/avr6\libgcc.a(_clear_bss.o)
                0x00000190                __do_clear_bss
 *(.init4)
 *(.init5)
 *(.init5)
 *(.init6)
 *(.init6)
 *(.init7)
 *(.init7)
 *(.init8)
 *(.init8)
 *(.init9)
 .init9         0x000001a0        0x8 C:/Program Files (x86)/Atmel/Studio/7.0/Packs/atmel/ATmega_DFP/1.6.364/gcc/dev/atmega2560/avr6/crtatmega2560.o
 *(.init9)
 *(.text)
 .text          0x000001a8        0x2 C:/Program Files (x86)/Atmel/Studio/7.0/Packs/atmel/ATmega_DFP/1.6.364/gcc/dev/atmega2560/avr6/crtatmega2560.o
                0x000001a8                __vector_38
                0x000001a8                __vector_22
                0x000001a8                __vector_28
                0x000001a8                __vector_1
                0x000001a8                __vector_32
                0x000001a8                __vector_34
                0x000001a8                __vector_24
                0x000001a8                __vector_12
                0x000001a8                __vector_55
                0x000001a8                __vector_46
                0x000001a8                __bad_interrupt
                0x000001a8                __vector_6
                0x000001a8                __vector_31
                0x000001a8                __vector_35
                0x000001a8                __vector_39
                0x000001a8                __vector_3
                0x000001a8                __vector_23
                0x000001a8                __vector_30
                0x000001a8                __vector_45
                0x000001a8                __vector_25
                0x000001a8                __vector_11
                0x000001a8                __vector_54
                0x000001a8                __vector_13
                0x000001a8                __vector_19
                0x000001a8                __vector_56
                0x000001a8                __vector_7
                0x000001a8                __vector_49
                0x000001a8                __vector_41
                0x000001a8                __vector_43
                0x000001a8                __vector_27
                0x000001a8                __vector_5
                0x000001a8                __vector_33
                0x000001a8                __vector_47
                0x000001a8                __vector_52
                0x000001a8                __vector_37
                0x000001a8                __vector_4
                0x000001a8                __vector_44
                0x000001a8                __vector_9
                0x000001a8                __vector_2
                0x000001a8                __vector_21
                0x000001a8                __vector_15
                0x000001a8                __vector_36
                0x000001a8                __vector_29
                0x000001a8                __vector_40
                0x000001a8                __vector_8
                0x000001a8                __vector_26
                0x000001a8                __vector_48
                0x000001a8                __vector_14
                0x000001a8                __vector_53
                0x000001a8                __vector_10
                0x000001a8                __vector_50
                0x000001a8                __vector_16
                0x000001a8                __vector_18
                0x000001a8                __vector_20
                0x000001a8                __vector_42
 .text          0x000001aa        0xc c:/program files (x86)/atmel/studio/7.0/toolchain/avr8/avr8-gnu-toolchain/bin/../lib/gcc/avr/5.4.0/../../../../avr/lib/avr6\libc.a(localtime.o)
                0x000001aa                localtime
 .text          0x000001b6       0xa0 c:/program files (x86)/atmel/studio/7.0/toolchain/avr8/avr8-gnu-toolchain/bin/../lib/gcc/avr/5.4.0/../../../../avr/lib/avr6\libc.a(localtime_r.o)
                0x000001b6                localtime_r
 .text          0x00000256       0xcc c:/program files (x86)/atmel/studio/7.0/toolchain/avr8/avr8-gnu-toolchain/bin/../lib/gcc/avr/5.4.0/../../../../avr/lib/avr6\libc.a(mktime.o)
                0x00000256                mktime
 .text          0x00000322       0x18 c:/program files (x86)/atmel/studio/7.0/toolchain/avr8/avr8-gnu-toolchain/bin/../lib/gcc/avr/5.4.0/../../../../avr/lib/avr6\libc.a(set_system_time.o)
                0x00000322                set_system_time
 .text          0x0000033a       0x26 c:/program files (x86)/atmel/studio/7.0/toolchain/avr8/avr8-gnu-toolchain/bin/../lib/gcc/avr/5.4.0/../../../../avr/lib/avr6\libc.a(time.o)
                0x0000033a                time
 .text          0x00000360       0x38 c:/program files (x86)/atmel/studio/7.0/toolchain/avr8/avr8-gnu-toolchain/bin/../lib/gcc/avr/5.4.0/../../../../avr/lib/avr6\libc.a(system_tick.o)
                0x00000360                system_tick
 .text          0x00000398      0x1b8 c:/program files (x86)/atmel/studio/7.0/toolchain/avr8/avr8-gnu-toolchain/bin/../lib/gcc/avr/5.4.0/../../../../avr/lib/avr6\libc.a(gmtime_r.o)
                0x00000398                gmtime_r
 .text          0x00000550      0x170 c:/program files (x86)/atmel/studio/7.0/toolchain/avr8/avr8-gnu-toolchain/bin/../lib/gcc/avr/5.4.0/../../../../avr/lib/avr6\libc.a(mk_gmtime.o)
                0x00000550                mk_gmtime
 .text          0x000006c0       0x28 c:/program files (x86)/atmel/studio/7.0/toolchain/avr8/avr8-gnu-toolchain/bin/../lib/gcc/avr/5.4.0/../../../../avr/lib/avr6\libc.a(isLeap.o)
                0x000006c0                is_leap_year
                0x000006e8                . = ALIGN (0x2)
 *(.text.*)
 .text.ADC_Enable
                0x000006e8       0x32 INCLUDE/SRC/ADC_GPIO.o
                0x000006e8                ADC_Enable
 .text.ADC_Channel0_7
                0x0000071a       0x34 INCLUDE/SRC/ADC_GPIO.o
                0x0000071a                ADC_Channel0_7
 .text.ADC_Channel8_15
                0x0000074e       0x34 INCLUDE/SRC/ADC_GPIO.o
                0x0000074e                ADC_Channel8_15
 .text.REAL_VALUE_SENSOR
                0x00000782      0x23e INCLUDE/SRC/ADC_GPIO.o
                0x00000782                REAL_VALUE_SENSOR
 .text.PWM_Enable
                0x000009c0       0x34 INCLUDE/SRC/ADC_GPIO.o
                0x000009c0                PWM_Enable
 .text.Timer1_Freq_1Hz
                0x000009f4       0x22 INCLUDE/SRC/ADC_GPIO.o
                0x000009f4                Timer1_Freq_1Hz
 .text.MPPT_P_O
                0x00000a16      0x252 INCLUDE/SRC/ADC_GPIO.o
                0x00000a16                MPPT_P_O
 .text.ON_OFF_SW
                0x00000c68       0xbe INCLUDE/SRC/ADC_GPIO.o
                0x00000c68                ON_OFF_SW
 .text.WRITE_EEPROM
                0x00000d26       0x10 INCLUDE/SRC/E2PROM.o
                0x00000d26                WRITE_EEPROM
 .text.READ_EEPROM
                0x00000d36        0xe INCLUDE/SRC/E2PROM.o
                0x00000d36                READ_EEPROM
 .text.TELEMETRY_Tx
                0x00000d44       0xa6 INCLUDE/SRC/EUSP.o
                0x00000d44                TELEMETRY_Tx
 .text.DATA_Rx  0x00000dea       0x26 INCLUDE/SRC/EUSP.o
                0x00000dea                DATA_Rx
 .text.COMMAND_Rx
                0x00000e10       0x40 INCLUDE/SRC/EUSP.o
                0x00000e10                COMMAND_Rx
 .text.CRC_COMMAND
                0x00000e50       0x6e INCLUDE/SRC/EUSP.o
                0x00000e50                CRC_COMMAND
 .text.TELEMETRY_DETERMINATION
                0x00000ebe       0xd4 INCLUDE/SRC/EUSP.o
                0x00000ebe                TELEMETRY_DETERMINATION
 .text.Rx_CRC_Tx
                0x00000f92       0x2e INCLUDE/SRC/EUSP.o
                0x00000f92                Rx_CRC_Tx
 .text.FtoA     0x00000fc0       0xe4 INCLUDE/SRC/FRAMES.o
                0x00000fc0                FtoA
 .text.STRING_VALUE_SENSOR
                0x000010a4       0x8c INCLUDE/SRC/FRAMES.o
                0x000010a4                STRING_VALUE_SENSOR
 .text.SOLAR_ARRAY
                0x00001130       0x64 INCLUDE/SRC/FRAMES.o
                0x00001130                SOLAR_ARRAY
 .text.BUCKS    0x00001194       0x9c INCLUDE/SRC/FRAMES.o
                0x00001194                BUCKS
 .text.GET_Battery
                0x00001230       0x62 INCLUDE/SRC/FRAMES.o
                0x00001230                GET_Battery
 .text.Get_All_Telemetry
                0x00001292      0x100 INCLUDE/SRC/FRAMES.o
                0x00001292                Get_All_Telemetry
 .text.STATUS_SW
                0x00001392       0x28 INCLUDE/SRC/FRAMES.o
                0x00001392                STATUS_SW
 .text.POWER_SWITCH
                0x000013ba       0x10 INCLUDE/SRC/FRAMES.o
                0x000013ba                POWER_SWITCH
 .text.SET_TIME_NOW
                0x000013ca       0x56 INCLUDE/SRC/FRAMES.o
                0x000013ca                SET_TIME_NOW
 .text.GET_TIME_NOW
                0x00001420       0x3c INCLUDE/SRC/FRAMES.o
                0x00001420                GET_TIME_NOW
 .text.SET_CLOCK
                0x0000145c       0x36 INCLUDE/SRC/FRAMES.o
                0x0000145c                SET_CLOCK
 .text.Test_EPS_Tx
                0x00001492       0x22 INCLUDE/SRC/FRAMES.o
                0x00001492                Test_EPS_Tx
 .text.EPS_Transaction_Log
                0x000014b4      0x1a8 INCLUDE/SRC/FRAMES.o
                0x000014b4                EPS_Transaction_Log
 .text.UPDATE_ReQuest
                0x0000165c       0x18 INCLUDE/SRC/FRAMES.o
                0x0000165c                UPDATE_ReQuest
 .text.Set_Time_E2PROM
                0x00001674       0x84 INCLUDE/SRC/TIME_SUB.o
                0x00001674                Set_Time_E2PROM
 .text.CLOCK_PYLOAD
                0x000016f8       0x78 INCLUDE/SRC/TIME_SUB.o
                0x000016f8                CLOCK_PYLOAD
 .text.UART2_Init
                0x00001770       0x1a INCLUDE/SRC/UART2.o
                0x00001770                UART2_Init
 .text.UART2_Receive
                0x0000178a        0xe INCLUDE/SRC/UART2.o
                0x0000178a                UART2_Receive
 .text.UART2_Transmit
                0x00001798        0xe INCLUDE/SRC/UART2.o
                0x00001798                UART2_Transmit
 .text.__vector_17
                0x000017a6       0x50 main.o
                0x000017a6                __vector_17
 .text.__vector_51
                0x000017f6       0x4e main.o
                0x000017f6                __vector_51
 .text.startup.main
                0x00001844       0x34 main.o
                0x00001844                main
 .text.avr-libc.fplib
                0x00001878        0xa c:/program files (x86)/atmel/studio/7.0/toolchain/avr8/avr8-gnu-toolchain/bin/../lib/gcc/avr/5.4.0/../../../../avr/lib/avr6\libm.a(addsf3.o)
                0x00001878                __subsf3
                0x0000187a                __addsf3
 .text.avr-libc.fplib
                0x00001882       0xc0 c:/program files (x86)/atmel/studio/7.0/toolchain/avr8/avr8-gnu-toolchain/bin/../lib/gcc/avr/5.4.0/../../../../avr/lib/avr6\libm.a(addsf3x.o)
                0x0000189c                __addsf3x
 .text.avr-libc.fplib
                0x00001942        0x8 c:/program files (x86)/atmel/studio/7.0/toolchain/avr8/avr8-gnu-toolchain/bin/../lib/gcc/avr/5.4.0/../../../../avr/lib/avr6\libm.a(cmpsf2.o)
                0x00001942                __nesf2
                0x00001942                __eqsf2
                0x00001942                __cmpsf2
                0x00001942                __ltsf2
                0x00001942                __lesf2
 .text.avr-libc.fplib
                0x0000194a        0x4 c:/program files (x86)/atmel/studio/7.0/toolchain/avr8/avr8-gnu-toolchain/bin/../lib/gcc/avr/5.4.0/../../../../avr/lib/avr6\libm.a(divsf3.o)
                0x0000194a                __divsf3
 .text.avr-libc.fplib
                0x0000194e       0xcc c:/program files (x86)/atmel/studio/7.0/toolchain/avr8/avr8-gnu-toolchain/bin/../lib/gcc/avr/5.4.0/../../../../avr/lib/avr6\libm.a(divsf3x.o)
                0x00001964                __divsf3x
                0x00001968                __divsf3_pse
 .text.avr-libc.fplib
                0x00001a1a        0xa c:/program files (x86)/atmel/studio/7.0/toolchain/avr8/avr8-gnu-toolchain/bin/../lib/gcc/avr/5.4.0/../../../../avr/lib/avr6\libm.a(fixsfsi.o)
                0x00001a1a                __fixsfsi
 .text.avr-libc.fplib
                0x00001a24       0x58 c:/program files (x86)/atmel/studio/7.0/toolchain/avr8/avr8-gnu-toolchain/bin/../lib/gcc/avr/5.4.0/../../../../avr/lib/avr6\libm.a(fixunssfsi.o)
                0x00001a24                __fixunssfsi
 .text.avr-libc.fplib
                0x00001a7c       0x7a c:/program files (x86)/atmel/studio/7.0/toolchain/avr8/avr8-gnu-toolchain/bin/../lib/gcc/avr/5.4.0/../../../../avr/lib/avr6\libm.a(floatsisf.o)
                0x00001a7c                __floatunsisf
                0x00001a80                __floatsisf
 .text.avr-libc.fplib
                0x00001af6       0x48 c:/program files (x86)/atmel/studio/7.0/toolchain/avr8/avr8-gnu-toolchain/bin/../lib/gcc/avr/5.4.0/../../../../avr/lib/avr6\libm.a(fp_cmp.o)
                0x00001af6                __fp_cmp
 .text.avr-libc.fplib
                0x00001b3e        0xc c:/program files (x86)/atmel/studio/7.0/toolchain/avr8/avr8-gnu-toolchain/bin/../lib/gcc/avr/5.4.0/../../../../avr/lib/avr6\libm.a(fp_inf.o)
                0x00001b3e                __fp_inf
 .text.avr-libc.fplib
                0x00001b4a        0x6 c:/program files (x86)/atmel/studio/7.0/toolchain/avr8/avr8-gnu-toolchain/bin/../lib/gcc/avr/5.4.0/../../../../avr/lib/avr6\libm.a(fp_nan.o)
                0x00001b4a                __fp_nan
 .text.avr-libc.fplib
                0x00001b50        0xe c:/program files (x86)/atmel/studio/7.0/toolchain/avr8/avr8-gnu-toolchain/bin/../lib/gcc/avr/5.4.0/../../../../avr/lib/avr6\libm.a(fp_pscA.o)
                0x00001b50                __fp_pscA
 .text.avr-libc.fplib
                0x00001b5e        0xe c:/program files (x86)/atmel/studio/7.0/toolchain/avr8/avr8-gnu-toolchain/bin/../lib/gcc/avr/5.4.0/../../../../avr/lib/avr6\libm.a(fp_pscB.o)
                0x00001b5e                __fp_pscB
 .text.avr-libc.fplib
                0x00001b6c       0x22 c:/program files (x86)/atmel/studio/7.0/toolchain/avr8/avr8-gnu-toolchain/bin/../lib/gcc/avr/5.4.0/../../../../avr/lib/avr6\libm.a(fp_round.o)
                0x00001b6c                __fp_round
 .text.avr-libc.fplib
                0x00001b8e       0x44 c:/program files (x86)/atmel/studio/7.0/toolchain/avr8/avr8-gnu-toolchain/bin/../lib/gcc/avr/5.4.0/../../../../avr/lib/avr6\libm.a(fp_split3.o)
                0x00001b8e                __fp_split3
                0x00001b9e                __fp_splitA
 .text.avr-libc.fplib
                0x00001bd2        0xe c:/program files (x86)/atmel/studio/7.0/toolchain/avr8/avr8-gnu-toolchain/bin/../lib/gcc/avr/5.4.0/../../../../avr/lib/avr6\libm.a(fp_zero.o)
                0x00001bd2                __fp_zero
                0x00001bd4                __fp_szero
 .text.avr-libc.fplib
                0x00001be0        0x8 c:/program files (x86)/atmel/studio/7.0/toolchain/avr8/avr8-gnu-toolchain/bin/../lib/gcc/avr/5.4.0/../../../../avr/lib/avr6\libm.a(gesf2.o)
                0x00001be0                __gesf2
                0x00001be0                __gtsf2
 .text.avr-libc.fplib
                0x00001be8        0x4 c:/program files (x86)/atmel/studio/7.0/toolchain/avr8/avr8-gnu-toolchain/bin/../lib/gcc/avr/5.4.0/../../../../avr/lib/avr6\libm.a(mulsf3.o)
                0x00001be8                __mulsf3
 .text.avr-libc.fplib
                0x00001bec       0xc2 c:/program files (x86)/atmel/studio/7.0/toolchain/avr8/avr8-gnu-toolchain/bin/../lib/gcc/avr/5.4.0/../../../../avr/lib/avr6\libm.a(mulsf3x.o)
                0x00001c00                __mulsf3x
                0x00001c04                __mulsf3_pse
 .text.avr-libc.fplib
                0x00001cae       0x98 c:/program files (x86)/atmel/studio/7.0/toolchain/avr8/avr8-gnu-toolchain/bin/../lib/gcc/avr/5.4.0/../../../../avr/lib/avr6\libm.a(pow.o)
                0x00001cae                pow
 .text.avr-libc.fplib
                0x00001d46       0x84 c:/program files (x86)/atmel/studio/7.0/toolchain/avr8/avr8-gnu-toolchain/bin/../lib/gcc/avr/5.4.0/../../../../avr/lib/avr6\libm.a(sqrt.o)
                0x00001d4e                sqrtf
                0x00001d4e                sqrt
 .text.avr-libc.fplib
                0x00001dca       0x62 c:/program files (x86)/atmel/studio/7.0/toolchain/avr8/avr8-gnu-toolchain/bin/../lib/gcc/avr/5.4.0/../../../../avr/lib/avr6\libm.a(exp.o)
                0x00001dd4                exp
 .text.avr-libc.fplib
                0x00001e2c       0x1c c:/program files (x86)/atmel/studio/7.0/toolchain/avr8/avr8-gnu-toolchain/bin/../lib/gcc/avr/5.4.0/../../../../avr/lib/avr6\libm.a(fp_mpack.o)
                0x00001e2c                __fp_mpack
                0x00001e30                __fp_mpack_finite
 .text.avr-libc.fplib
                0x00001e48        0xe c:/program files (x86)/atmel/studio/7.0/toolchain/avr8/avr8-gnu-toolchain/bin/../lib/gcc/avr/5.4.0/../../../../avr/lib/avr6\libm.a(fp_norm2.o)
                0x00001e48                __fp_norm2
 .text.avr-libc.fplib
                0x00001e56       0x4a c:/program files (x86)/atmel/studio/7.0/toolchain/avr8/avr8-gnu-toolchain/bin/../lib/gcc/avr/5.4.0/../../../../avr/lib/avr6\libm.a(fp_powser.o)
                0x00001e56                __fp_powser
 .text.avr-libc.fplib
                0x00001ea0        0xe c:/program files (x86)/atmel/studio/7.0/toolchain/avr8/avr8-gnu-toolchain/bin/../lib/gcc/avr/5.4.0/../../../../avr/lib/avr6\libm.a(inverse.o)
                0x00001ea0                inverse
 .text.avr-libc.fplib
                0x00001eae       0x6c c:/program files (x86)/atmel/studio/7.0/toolchain/avr8/avr8-gnu-toolchain/bin/../lib/gcc/avr/5.4.0/../../../../avr/lib/avr6\libm.a(ldexp.o)
                0x00001eb2                ldexp
 .text.avr-libc.fplib
                0x00001f1a       0x8a c:/program files (x86)/atmel/studio/7.0/toolchain/avr8/avr8-gnu-toolchain/bin/../lib/gcc/avr/5.4.0/../../../../avr/lib/avr6\libm.a(log.o)
                0x00001f24                log
 .text.avr-libc.fplib
                0x00001fa4       0x66 c:/program files (x86)/atmel/studio/7.0/toolchain/avr8/avr8-gnu-toolchain/bin/../lib/gcc/avr/5.4.0/../../../../avr/lib/avr6\libm.a(modf.o)
                0x00001fa4                modf
                0x00001fa4                modff
 .text.avr-libc
                0x0000200a       0x14 c:/program files (x86)/atmel/studio/7.0/toolchain/avr8/avr8-gnu-toolchain/bin/../lib/gcc/avr/5.4.0/../../../../avr/lib/avr6\libc.a(itoa_ncheck.o)
                0x0000200a                __itoa_ncheck
 .text.avr-libc
                0x0000201e       0x32 c:/program files (x86)/atmel/studio/7.0/toolchain/avr8/avr8-gnu-toolchain/bin/../lib/gcc/avr/5.4.0/../../../../avr/lib/avr6\libc.a(utoa_ncheck.o)
                0x0000201e                __utoa_ncheck
                0x00002020                __utoa_common
 .text.avr-libc
                0x00002050       0x20 c:/program files (x86)/atmel/studio/7.0/toolchain/avr8/avr8-gnu-toolchain/bin/../lib/gcc/avr/5.4.0/../../../../avr/lib/avr6\libc.a(strrev.o)
                0x00002050                strrev
 .text.libgcc.mul
                0x00002070       0x1e c:/program files (x86)/atmel/studio/7.0/toolchain/avr8/avr8-gnu-toolchain/bin/../lib/gcc/avr/5.4.0/avr6\libgcc.a(_mulsi3.o)
                0x00002070                __mulsi3
 .text.libgcc.div
                0x0000208e       0x28 c:/program files (x86)/atmel/studio/7.0/toolchain/avr8/avr8-gnu-toolchain/bin/../lib/gcc/avr/5.4.0/avr6\libgcc.a(_udivmodhi4.o)
                0x0000208e                __udivmodhi4
 .text.libgcc.div
                0x000020b6       0x26 c:/program files (x86)/atmel/studio/7.0/toolchain/avr8/avr8-gnu-toolchain/bin/../lib/gcc/avr/5.4.0/avr6\libgcc.a(_divmodhi4.o)
                0x000020b6                _div
                0x000020b6                __divmodhi4
 .text.libgcc.div
                0x000020dc       0x44 c:/program files (x86)/atmel/studio/7.0/toolchain/avr8/avr8-gnu-toolchain/bin/../lib/gcc/avr/5.4.0/avr6\libgcc.a(_udivmodsi4.o)
                0x000020dc                __udivmodsi4
 .text.libgcc.div
                0x00002120       0x28 c:/program files (x86)/atmel/studio/7.0/toolchain/avr8/avr8-gnu-toolchain/bin/../lib/gcc/avr/5.4.0/avr6\libgcc.a(_divmodsi4.o)
                0x00002120                __divmodsi4
 .text.libgcc.div
                0x00002148       0x10 c:/program files (x86)/atmel/studio/7.0/toolchain/avr8/avr8-gnu-toolchain/bin/../lib/gcc/avr/5.4.0/avr6\libgcc.a(_negsi2.o)
                0x00002148                __negsi2
 .text.libgcc.mul
                0x00002158        0xc c:/program files (x86)/atmel/studio/7.0/toolchain/avr8/avr8-gnu-toolchain/bin/../lib/gcc/avr/5.4.0/avr6\libgcc.a(_usmulhisi3.o)
                0x00002158                __usmulhisi3
                0x0000215a                __usmulhisi3_tail
 .text.libgcc.mul
                0x00002164       0x14 c:/program files (x86)/atmel/studio/7.0/toolchain/avr8/avr8-gnu-toolchain/bin/../lib/gcc/avr/5.4.0/avr6\libgcc.a(_muluhisi3.o)
                0x00002164                __muluhisi3
 .text.libgcc.mul
                0x00002178       0x1e c:/program files (x86)/atmel/studio/7.0/toolchain/avr8/avr8-gnu-toolchain/bin/../lib/gcc/avr/5.4.0/avr6\libgcc.a(_umulhisi3.o)
                0x00002178                __umulhisi3
                0x00002196                . = ALIGN (0x2)
 *(.fini9)
 .fini9         0x00002196        0x0 c:/program files (x86)/atmel/studio/7.0/toolchain/avr8/avr8-gnu-toolchain/bin/../lib/gcc/avr/5.4.0/avr6\libgcc.a(_exit.o)
                0x00002196                _exit
                0x00002196                exit
 *(.fini9)
 *(.fini8)
 *(.fini8)
 *(.fini7)
 *(.fini7)
 *(.fini6)
 *(.fini6)
 *(.fini5)
 *(.fini5)
 *(.fini4)
 *(.fini4)
 *(.fini3)
 *(.fini3)
 *(.fini2)
 *(.fini2)
 *(.fini1)
 *(.fini1)
 *(.fini0)
 .fini0         0x00002196        0x4 c:/program files (x86)/atmel/studio/7.0/toolchain/avr8/avr8-gnu-toolchain/bin/../lib/gcc/avr/5.4.0/avr6\libgcc.a(_exit.o)
 *(.fini0)
                0x0000219a                _etext = .

.data           0x00800200      0x100 load address 0x0000219a
                0x00800200                PROVIDE (__data_start, .)
 *(.data)
 *(.data*)
 .data.crc8_table
                0x00800200      0x100 INCLUDE/SRC/EUSP.o
                0x00800200                crc8_table
 *(.gnu.linkonce.d*)
 *(.rodata)
 *(.rodata*)
 *(.gnu.linkonce.r*)
                0x00800300                . = ALIGN (0x2)
                0x00800300                _edata = .
                0x00800300                PROVIDE (__data_end, .)

.bss            0x00800300      0x297
                0x00800300                PROVIDE (__bss_start, .)
 *(.bss)
 *(.bss*)
 *(COMMON)
 COMMON         0x00800300      0x281 INCLUDE/SRC/ADC_GPIO.o
                0x00800300                DATA
                0x00800400                CS_BOS
                0x00800406                Vold
                0x0080040a                Pnow
                0x0080040e                Pold
                0x00800412                CS_BAT
                0x00800418                STATUS_TRUE
                0x00800419                DC
                0x0080041d                FLAG_START
                0x0080041e                wait
                0x0080041f                CS_BUC5
                0x00800425                VS_BOS
                0x0080042b                CS_BUC3
                0x00800431                Vnow
                0x00800435                EUSP
                0x0080043c                FLAG_BOOT
                0x0080043d                tnow
                0x00800441                VS_BAT
                0x00800447                Psd
                0x0080044b                VS_BUC5
                0x00800451                Real_Value
                0x00800473                DUTY
                0x00800477                REPLY
                0x00800577                Cnow
                0x0080057b                VS_BUC3
 COMMON         0x00800581        0x4 c:/program files (x86)/atmel/studio/7.0/toolchain/avr8/avr8-gnu-toolchain/bin/../lib/gcc/avr/5.4.0/../../../../avr/lib/avr6\libc.a(system_time.o)
                0x00800581                __system_time
 COMMON         0x00800585        0xc c:/program files (x86)/atmel/studio/7.0/toolchain/avr8/avr8-gnu-toolchain/bin/../lib/gcc/avr/5.4.0/../../../../avr/lib/avr6\libc.a(tm_store.o)
                0x00800585                __tm_store
 COMMON         0x00800591        0x4 c:/program files (x86)/atmel/studio/7.0/toolchain/avr8/avr8-gnu-toolchain/bin/../lib/gcc/avr/5.4.0/../../../../avr/lib/avr6\libc.a(utc_offset.o)
                0x00800591                __utc_offset
 COMMON         0x00800595        0x2 c:/program files (x86)/atmel/studio/7.0/toolchain/avr8/avr8-gnu-toolchain/bin/../lib/gcc/avr/5.4.0/../../../../avr/lib/avr6\libc.a(dst_pointer.o)
                0x00800595                __dst_ptr
                0x00800597                PROVIDE (__bss_end, .)
                0x0000219a                __data_load_start = LOADADDR (.data)
                0x0000229a                __data_load_end = (__data_load_start + SIZEOF (.data))

.noinit         0x00800597        0x0
                [!provide]                PROVIDE (__noinit_start, .)
 *(.noinit*)
                [!provide]                PROVIDE (__noinit_end, .)
                0x00800597                _end = .
                [!provide]                PROVIDE (__heap_start, .)

.eeprom         0x00810000        0x0
 *(.eeprom*)
                0x00810000                __eeprom_end = .

.fuse
 *(.fuse)
 *(.lfuse)
 *(.hfuse)
 *(.efuse)

.lock
 *(.lock*)

.signature
 *(.signature*)

.user_signatures
 *(.user_signatures*)

.stab
 *(.stab)

.stabstr
 *(.stabstr)

.stab.excl
 *(.stab.excl)

.stab.exclstr
 *(.stab.exclstr)

.stab.index
 *(.stab.index)

.stab.indexstr
 *(.stab.indexstr)

.comment        0x00000000       0x5c
 *(.comment)
 .comment       0x00000000       0x30 INCLUDE/SRC/ADC_GPIO.o
                                 0x31 (size before relaxing)
 .comment       0x00000030       0x31 INCLUDE/SRC/E2PROM.o
 .comment       0x00000030       0x31 INCLUDE/SRC/EUSP.o
 .comment       0x00000030       0x31 INCLUDE/SRC/FRAMES.o
 .comment       0x00000030       0x31 INCLUDE/SRC/TIME_SUB.o
 .comment       0x00000030       0x31 INCLUDE/SRC/UART2.o
 .comment       0x00000030       0x31 main.o
 .comment       0x00000030       0x31 c:/program files (x86)/atmel/studio/7.0/toolchain/avr8/avr8-gnu-toolchain/bin/../lib/gcc/avr/5.4.0/../../../../avr/lib/avr6\libc.a(localtime.o)
 .comment       0x00000030       0x31 c:/program files (x86)/atmel/studio/7.0/toolchain/avr8/avr8-gnu-toolchain/bin/../lib/gcc/avr/5.4.0/../../../../avr/lib/avr6\libc.a(localtime_r.o)
 .comment       0x00000030       0x31 c:/program files (x86)/atmel/studio/7.0/toolchain/avr8/avr8-gnu-toolchain/bin/../lib/gcc/avr/5.4.0/../../../../avr/lib/avr6\libc.a(mktime.o)
 .comment       0x00000030       0x31 c:/program files (x86)/atmel/studio/7.0/toolchain/avr8/avr8-gnu-toolchain/bin/../lib/gcc/avr/5.4.0/../../../../avr/lib/avr6\libc.a(set_system_time.o)
 .comment       0x00000030       0x31 c:/program files (x86)/atmel/studio/7.0/toolchain/avr8/avr8-gnu-toolchain/bin/../lib/gcc/avr/5.4.0/../../../../avr/lib/avr6\libc.a(system_time.o)
 .comment       0x00000030       0x31 c:/program files (x86)/atmel/studio/7.0/toolchain/avr8/avr8-gnu-toolchain/bin/../lib/gcc/avr/5.4.0/../../../../avr/lib/avr6\libc.a(time.o)
 .comment       0x00000030       0x31 c:/program files (x86)/atmel/studio/7.0/toolchain/avr8/avr8-gnu-toolchain/bin/../lib/gcc/avr/5.4.0/../../../../avr/lib/avr6\libc.a(tm_store.o)
 .comment       0x00000030       0x2c c:/program files (x86)/atmel/studio/7.0/toolchain/avr8/avr8-gnu-toolchain/bin/../lib/gcc/avr/5.4.0/../../../../avr/lib/avr6\libc.a(utc_offset.o)
                                 0x2d (size before relaxing)
 .comment       0x0000005c       0x31 c:/program files (x86)/atmel/studio/7.0/toolchain/avr8/avr8-gnu-toolchain/bin/../lib/gcc/avr/5.4.0/../../../../avr/lib/avr6\libc.a(dst_pointer.o)
 .comment       0x0000005c       0x31 c:/program files (x86)/atmel/studio/7.0/toolchain/avr8/avr8-gnu-toolchain/bin/../lib/gcc/avr/5.4.0/../../../../avr/lib/avr6\libc.a(gmtime_r.o)
 .comment       0x0000005c       0x31 c:/program files (x86)/atmel/studio/7.0/toolchain/avr8/avr8-gnu-toolchain/bin/../lib/gcc/avr/5.4.0/../../../../avr/lib/avr6\libc.a(mk_gmtime.o)
 .comment       0x0000005c       0x31 c:/program files (x86)/atmel/studio/7.0/toolchain/avr8/avr8-gnu-toolchain/bin/../lib/gcc/avr/5.4.0/../../../../avr/lib/avr6\libc.a(isLeap.o)

.note.gnu.avr.deviceinfo
                0x00000000       0x40
 .note.gnu.avr.deviceinfo
                0x00000000       0x40 C:/Program Files (x86)/Atmel/Studio/7.0/Packs/atmel/ATmega_DFP/1.6.364/gcc/dev/atmega2560/avr6/crtatmega2560.o

.note.gnu.build-id
 *(.note.gnu.build-id)

.debug
 *(.debug)

.line
 *(.line)

.debug_srcinfo
 *(.debug_srcinfo)

.debug_sfnames
 *(.debug_sfnames)

.debug_aranges  0x00000000      0x1e0
 *(.debug_aranges)
 .debug_aranges
                0x00000000       0x58 INCLUDE/SRC/ADC_GPIO.o
 .debug_aranges
                0x00000058       0x28 INCLUDE/SRC/E2PROM.o
 .debug_aranges
                0x00000080       0x50 INCLUDE/SRC/EUSP.o
 .debug_aranges
                0x000000d0       0x88 INCLUDE/SRC/FRAMES.o
 .debug_aranges
                0x00000158       0x28 INCLUDE/SRC/TIME_SUB.o
 .debug_aranges
                0x00000180       0x30 INCLUDE/SRC/UART2.o
 .debug_aranges
                0x000001b0       0x30 main.o

.debug_pubnames
 *(.debug_pubnames)

.debug_info     0x00000000     0x391a
 *(.debug_info .gnu.linkonce.wi.*)
 .debug_info    0x00000000      0xbbc C:/Program Files (x86)/Atmel/Studio/7.0/Packs/atmel/ATmega_DFP/1.6.364/gcc/dev/atmega2560/avr6/crtatmega2560.o
 .debug_info    0x00000bbc      0x57c INCLUDE/SRC/ADC_GPIO.o
 .debug_info    0x00001138      0x406 INCLUDE/SRC/E2PROM.o
 .debug_info    0x0000153e      0x824 INCLUDE/SRC/EUSP.o
 .debug_info    0x00001d62      0xbc8 INCLUDE/SRC/FRAMES.o
 .debug_info    0x0000292a      0x6a8 INCLUDE/SRC/TIME_SUB.o
 .debug_info    0x00002fd2      0x403 INCLUDE/SRC/UART2.o
 .debug_info    0x000033d5      0x545 main.o

.debug_abbrev   0x00000000     0x1574
 *(.debug_abbrev)
 .debug_abbrev  0x00000000      0xb1a C:/Program Files (x86)/Atmel/Studio/7.0/Packs/atmel/ATmega_DFP/1.6.364/gcc/dev/atmega2560/avr6/crtatmega2560.o
 .debug_abbrev  0x00000b1a      0x158 INCLUDE/SRC/ADC_GPIO.o
 .debug_abbrev  0x00000c72       0xf3 INCLUDE/SRC/E2PROM.o
 .debug_abbrev  0x00000d65      0x1ef INCLUDE/SRC/EUSP.o
 .debug_abbrev  0x00000f54      0x28f INCLUDE/SRC/FRAMES.o
 .debug_abbrev  0x000011e3      0x125 INCLUDE/SRC/TIME_SUB.o
 .debug_abbrev  0x00001308      0x10d INCLUDE/SRC/UART2.o
 .debug_abbrev  0x00001415      0x15f main.o

.debug_line     0x00000000     0x15d3
 *(.debug_line .debug_line.* .debug_line_end)
 .debug_line    0x00000000      0x1fa C:/Program Files (x86)/Atmel/Studio/7.0/Packs/atmel/ATmega_DFP/1.6.364/gcc/dev/atmega2560/avr6/crtatmega2560.o
 .debug_line    0x000001fa      0x3a4 INCLUDE/SRC/ADC_GPIO.o
 .debug_line    0x0000059e      0x131 INCLUDE/SRC/E2PROM.o
 .debug_line    0x000006cf      0x319 INCLUDE/SRC/EUSP.o
 .debug_line    0x000009e8      0x735 INCLUDE/SRC/FRAMES.o
 .debug_line    0x0000111d      0x171 INCLUDE/SRC/TIME_SUB.o
 .debug_line    0x0000128e      0x146 INCLUDE/SRC/UART2.o
 .debug_line    0x000013d4      0x1ff main.o

.debug_frame    0x00000000      0x4a0
 *(.debug_frame)
 .debug_frame   0x00000000       0xbc INCLUDE/SRC/ADC_GPIO.o
 .debug_frame   0x000000bc       0x34 INCLUDE/SRC/E2PROM.o
 .debug_frame   0x000000f0       0xa4 INCLUDE/SRC/EUSP.o
 .debug_frame   0x00000194      0x19c INCLUDE/SRC/FRAMES.o
 .debug_frame   0x00000330       0x58 INCLUDE/SRC/TIME_SUB.o
 .debug_frame   0x00000388       0x44 INCLUDE/SRC/UART2.o
 .debug_frame   0x000003cc       0xd4 main.o

.debug_str      0x00000000      0xa83
 *(.debug_str)
 .debug_str     0x00000000      0x3e6 C:/Program Files (x86)/Atmel/Studio/7.0/Packs/atmel/ATmega_DFP/1.6.364/gcc/dev/atmega2560/avr6/crtatmega2560.o
 .debug_str     0x000003e6      0x316 INCLUDE/SRC/ADC_GPIO.o
                                0x34f (size before relaxing)
 .debug_str     0x000006fc       0x3b INCLUDE/SRC/E2PROM.o
                                0x2e5 (size before relaxing)
 .debug_str     0x00000737      0x134 INCLUDE/SRC/EUSP.o
                                0x3d5 (size before relaxing)
 .debug_str     0x0000086b      0x158 INCLUDE/SRC/FRAMES.o
                                0x4ca (size before relaxing)
 .debug_str     0x000009c3       0x53 INCLUDE/SRC/TIME_SUB.o
                                0x377 (size before relaxing)
 .debug_str     0x00000a16       0x27 INCLUDE/SRC/UART2.o
                                0x2ea (size before relaxing)
 .debug_str     0x00000a3d       0x46 main.o
                                0x37c (size before relaxing)

.debug_loc      0x00000000      0xd26
 *(.debug_loc)
 .debug_loc     0x00000000       0xdc INCLUDE/SRC/ADC_GPIO.o
 .debug_loc     0x000000dc       0x24 INCLUDE/SRC/E2PROM.o
 .debug_loc     0x00000100      0x2fc INCLUDE/SRC/EUSP.o
 .debug_loc     0x000003fc      0x6c3 INCLUDE/SRC/FRAMES.o
 .debug_loc     0x00000abf       0x9c INCLUDE/SRC/TIME_SUB.o
 .debug_loc     0x00000b5b       0x21 INCLUDE/SRC/UART2.o
 .debug_loc     0x00000b7c      0x1aa main.o

.debug_macinfo
 *(.debug_macinfo)

.debug_weaknames
 *(.debug_weaknames)

.debug_funcnames
 *(.debug_funcnames)

.debug_typenames
 *(.debug_typenames)

.debug_varnames
 *(.debug_varnames)

.debug_pubtypes
 *(.debug_pubtypes)

.debug_ranges   0x00000000      0x188
 *(.debug_ranges)
 .debug_ranges  0x00000000       0x48 INCLUDE/SRC/ADC_GPIO.o
 .debug_ranges  0x00000048       0x18 INCLUDE/SRC/E2PROM.o
 .debug_ranges  0x00000060       0x40 INCLUDE/SRC/EUSP.o
 .debug_ranges  0x000000a0       0x90 INCLUDE/SRC/FRAMES.o
 .debug_ranges  0x00000130       0x18 INCLUDE/SRC/TIME_SUB.o
 .debug_ranges  0x00000148       0x20 INCLUDE/SRC/UART2.o
 .debug_ranges  0x00000168       0x20 main.o

.debug_macro
 *(.debug_macro)
OUTPUT(EPS  APPPLICATION.elf elf32-avr)
LOAD linker stubs
